src/components/layout/Navbar.tsx(47,45): error TS2322: Type '{ children: Element; variant: "ghost"; size: string; onClick: () => void; className: string; }' is not assignable to type 'IntrinsicAttributes & ButtonProps & RefAttributes<HTMLButtonElement>'.
  Property 'size' does not exist on type 'IntrinsicAttributes & ButtonProps & RefAttributes<HTMLButtonElement>'.
src/pages/LoginPage.tsx(5,29): error TS6133: 'CardHeader' is declared but its value is never read.
src/pages/LoginPage.tsx(5,41): error TS6133: 'CardTitle' is declared but its value is never read.
